// Jest Snapshot v1, https://goo.gl/fbAQLP

exports[`LoadingSpinnerOverlay Should match all-properties and loading snapshot 1`] = `
<View
  style={
    {
      "flex": 1,
    }
  }
  testID="overlayComponent"
>
  <View
    style={
      [
        {
          "backgroundColor": "#FFFFFF",
          "bottom": 0,
          "inset": 0,
          "justifyContent": "center",
          "left": 0,
          "position": "absolute",
          "right": 0,
          "top": 0,
          "zIndex": 1,
        },
        {
          "backgroundColor": "rgba(255,255,255,0.65)",
          "opacity": 1,
        },
      ]
    }
  >
    <View
      style={
        [
          {
            "alignItems": "center",
            "flex": 1,
            "height": 100,
            "justifyContent": "center",
          },
          undefined,
        ]
      }
    >
      <ActivityIndicator
        size="large"
        testID="refreshIndicator"
      />
      <View
        style={
          {
            "padding": 24,
          }
        }
      >
        <Text
          accessible={true}
          allowFontScaling={false}
          color="bluegrey"
          defaultColor="bluegrey"
          defaultWeight="Regular"
          font="TitilliumSansPro"
          fontStyle={
            {
              "fontSize": 16,
              "lineHeight": 24,
            }
          }
          style={
            [
              {
                "textAlign": "center",
              },
              {
                "fontSize": 16,
                "lineHeight": 24,
              },
              {
                "color": "#475A6D",
                "fontFamily": "Titillium Sans Pro",
                "fontStyle": "normal",
                "fontWeight": "400",
              },
            ]
          }
          weight="Regular"
        >
          This is the loading caption
        </Text>
      </View>
      <View
        style={
          {
            "alignSelf": "center",
          }
        }
      >
        <View
          accessibilityLabel="Cancel"
          accessibilityRole="button"
          accessibilityState={
            {
              "busy": undefined,
              "checked": undefined,
              "disabled": false,
              "expanded": undefined,
              "selected": undefined,
            }
          }
          accessibilityValue={
            {
              "max": undefined,
              "min": undefined,
              "now": undefined,
              "text": undefined,
            }
          }
          accessible={true}
          collapsable={false}
          focusable={true}
          onBlur={[Function]}
          onClick={[Function]}
          onFocus={[Function]}
          onResponderGrant={[Function]}
          onResponderMove={[Function]}
          onResponderRelease={[Function]}
          onResponderTerminate={[Function]}
          onResponderTerminationRequest={[Function]}
          onStartShouldSetResponder={[Function]}
          style={
            {
              "alignSelf": "flex-start",
            }
          }
          testID="loadingSpinnerOverlayCancelButton"
        >
          <View
            style={
              [
                {
                  "alignItems": "center",
                  "borderRadius": 4,
                  "elevation": 0,
                  "flexDirection": "row",
                  "justifyContent": "center",
                  "paddingHorizontal": 16,
                  "textAlignVertical": "center",
                },
                false,
                {
                  "borderWidth": 1,
                },
                {
                  "height": 40,
                },
                false,
                {
                  "backgroundColor": "rgba(0,115,230,0)",
                  "borderColor": "#0073E6",
                },
                {
                  "backgroundColor": undefined,
                  "borderColor": undefined,
                  "transform": [
                    {
                      "scale": undefined,
                    },
                  ],
                },
              ]
            }
          >
            <Text
              accessibilityElementsHidden={true}
              accessible={false}
              allowFontScaling={false}
              ellipsizeMode="tail"
              importantForAccessibility="no-hide-descendants"
              maxFontSizeMultiplier={1.3}
              numberOfLines={1}
              style={
                [
                  {
                    "fontFamily": "Titillium Sans Pro",
                    "fontStyle": "normal",
                    "fontWeight": "700",
                  },
                  {
                    "alignSelf": "center",
                  },
                  {
                    "color": "#0073E6",
                  },
                  {
                    "color": undefined,
                  },
                ]
              }
            >
              Cancel
            </Text>
          </View>
        </View>
      </View>
    </View>
  </View>
  <View
    style={
      [
        {
          "flex": 1,
        },
        {
          "zIndex": 0,
        },
      ]
    }
  >
    <Text>
      This is a child
    </Text>
  </View>
</View>
`;

exports[`LoadingSpinnerOverlay Should match all-properties and not-loading snapshot 1`] = `
<View
  style={
    {
      "flex": 1,
    }
  }
  testID="overlayComponent"
>
  <View
    style={
      [
        {
          "flex": 1,
        },
        {
          "zIndex": 0,
        },
      ]
    }
  >
    <Text>
      This is a child
    </Text>
  </View>
</View>
`;

exports[`LoadingSpinnerOverlay Should match base loading snapshot 1`] = `
<View
  style={
    {
      "flex": 1,
    }
  }
  testID="overlayComponent"
>
  <View
    style={
      [
        {
          "backgroundColor": "#FFFFFF",
          "bottom": 0,
          "inset": 0,
          "justifyContent": "center",
          "left": 0,
          "position": "absolute",
          "right": 0,
          "top": 0,
          "zIndex": 1,
        },
        {
          "backgroundColor": "rgba(255,255,255,0.7)",
          "opacity": 1,
        },
      ]
    }
  >
    <View
      style={
        [
          {
            "alignItems": "center",
            "flex": 1,
            "height": 100,
            "justifyContent": "center",
          },
          undefined,
        ]
      }
    >
      <ActivityIndicator
        size="large"
        testID="refreshIndicator"
      />
      <View
        style={
          {
            "padding": 24,
          }
        }
      >
        <Text
          accessible={true}
          allowFontScaling={false}
          color="bluegrey"
          defaultColor="bluegrey"
          defaultWeight="Regular"
          font="TitilliumSansPro"
          fontStyle={
            {
              "fontSize": 16,
              "lineHeight": 24,
            }
          }
          style={
            [
              {
                "textAlign": "center",
              },
              {
                "fontSize": 16,
                "lineHeight": 24,
              },
              {
                "color": "#475A6D",
                "fontFamily": "Titillium Sans Pro",
                "fontStyle": "normal",
                "fontWeight": "400",
              },
            ]
          }
          weight="Regular"
        >
          Wait a few seconds..
        </Text>
      </View>
    </View>
  </View>
  <View
    style={
      [
        {
          "flex": 1,
        },
        {
          "zIndex": 0,
        },
      ]
    }
  />
</View>
`;

exports[`LoadingSpinnerOverlay Should match base no-loading snapshot 1`] = `
<View
  style={
    {
      "flex": 1,
    }
  }
  testID="overlayComponent"
>
  <View
    style={
      [
        {
          "flex": 1,
        },
        {
          "zIndex": 0,
        },
      ]
    }
  />
</View>
`;
